// Vitest Snapshot v1, https://vitest.dev/guide/snapshot.html

exports[`Intro > renders a match to the previous snapshot 1`] = `
<DocumentFragment>
  <div
    class="bf-intro"
  >
    <div
      class="bf-chevron"
    >
      <div
        class="bf-grid-container grid-container"
      >
        <h1
          aria-level="1"
          class="bf-chevron-heading font-family-sans"
          id="skip-to-h1"
          role="heading"
        >
          Benefit finder: death of a loved one
        </h1>
        <div
          class="bf-chevron-description"
        >
          <p>
            <strong>
              Losing a loved one is hard.
            </strong>
             Finding help shouldn’t be.
          </p>
          <p>
            Screen the federal benefits you may be eligible for.
          </p>
        </div>
      </div>
    </div>
    <div
      class="bf-grid-container grid-container"
    >
      <h2
        aria-level="2"
        class="font-family-sans"
        id=""
        role="heading"
      >
        Steps
      </h2>
      <div
        class="time-indicator"
      >
        Estimated time 2-5 minutes
      </div>
      <div
        class="bf-intro-process-group"
      >
        <div
          class="bf-intro-process-list"
        >
          <ol
            class="bf-usa-process-list usa-process-list"
          >
            <li
              class="bf-usa-process-list__item usa-process-list__item"
            >
              <h3
                class="bf-usa-process-list__heading usa-process-list__heading"
              >
                Answer questions
              </h3>
            </li>
            <li
              class="bf-usa-process-list__item usa-process-list__item"
            >
              <h3
                class="bf-usa-process-list__heading usa-process-list__heading"
              >
                Get your list of benefits
              </h3>
            </li>
            <li
              class="bf-usa-process-list__item usa-process-list__item"
            >
              <h3
                class="bf-usa-process-list__heading usa-process-list__heading"
              >
                Visit agency websites to apply
              </h3>
            </li>
          </ol>
        </div>
        <div
          class="bf-line-sperator-wrapper--vertical"
        >
          <div
            class="bf-line-sperator--vertical"
          />
        </div>
        <div
          class="bf-intro-process-notices"
        >
          <h2
            aria-level="2"
            class="bf-intro-process-notices-heading font-family-sans"
            id=""
            role="heading"
          >
            Before you start:
          </h2>
          <div
            class="notices"
          >
            <ul
              class="notices-list add-list-reset"
            >
              <li
                class="bf-notice"
              >
                <div
                  aria-hidden="false"
                  aria-live="polite"
                  class="bf-usa-alert usa-alert bf-usa-alert--info usa-alert--info no-background"
                  role="alert"
                  tabindex="-1"
                >
                  <div
                    class="bf-usa-alert__body usa-alert__body"
                  >
                    <div
                      class="bf-usa-alert__text usa-alert__text"
                    >
                      <div
                        class="bf-notice-item"
                      >
                        <div>
                          <strong>
                            This is not an application.
                          </strong>
                        </div>
                      </div>
                    </div>
                  </div>
                </div>
              </li>
              <li
                class="bf-notice"
              >
                <div
                  aria-hidden="false"
                  aria-live="polite"
                  class="bf-usa-alert usa-alert bf-usa-alert--info usa-alert--info no-background"
                  role="alert"
                  tabindex="-1"
                >
                  <div
                    class="bf-usa-alert__body usa-alert__body"
                  >
                    <div
                      class="bf-usa-alert__text usa-alert__text"
                    >
                      <div
                        class="bf-notice-item"
                      >
                        <strong>
                          You'll need to apply
                        </strong>
                         for benefits with each agency.
                      </div>
                    </div>
                  </div>
                </div>
              </li>
              <li
                class="bf-notice"
              >
                <div
                  aria-hidden="false"
                  aria-live="polite"
                  class="bf-usa-alert usa-alert bf-usa-alert--info usa-alert--info no-background"
                  role="alert"
                  tabindex="-1"
                >
                  <div
                    class="bf-usa-alert__body usa-alert__body"
                  >
                    <div
                      class="bf-usa-alert__text usa-alert__text"
                    >
                      <div
                        class="bf-notice-item"
                      >
                        <div>
                          <strong>
                            We don't share, save, or submit
                          </strong>
                           your information.
                        </div>
                      </div>
                    </div>
                  </div>
                </div>
              </li>
            </ul>
          </div>
        </div>
      </div>
      <div
        class="bf-line-sperator-wrapper"
      >
        <div
          class="bf-line-sperator"
        />
      </div>
      <div
        class="bf-cta-wrapper"
      >
        <button
          class="bf-usa-button usa-button"
          type="button"
        >
          Start
        </button>
      </div>
    </div>
  </div>
</DocumentFragment>
`;
