// Jest Snapshot v1, https://goo.gl/fbAQLP

exports[`Modal renders a match to the previous snapshot 1`] = `
<div
  className="benefit-modal-group"
>
  <a
    className=""
    data-open-modal={true}
    href="#undefined"
  />
  <div
    aria-describedby="modal-description"
    aria-labelledby="modal-heading"
    className="usa-modal"
  >
    <div
      className="usa-modal__content"
    >
      <div
        className="usa-modal__main"
      >
        <h2
          className=""
          id="modal-heading"
        />
        <div
          className="usa-modal__footer"
        >
          <ul
            className="usa-button-group width-full"
          >
            <li
              className="usa-button-group__item width-full"
            >
              <a
                className=""
                data-close-modal={true}
              />
            </li>
            <li
              className="usa-button-group__item width-full"
            >
              <a
                className=""
                data-close-modal={true}
              />
            </li>
          </ul>
        </div>
      </div>
      <button
        aria-label="Close this window"
        className="usa-button usa-modal__close"
        data-close-modal={true}
        type="button"
      >
        <img
          alt="a plus icon"
          src="close.svg"
        />
      </button>
    </div>
  </div>
</div>
`;
