// Jest Snapshot v1, https://goo.gl/fbAQLP

exports[`ResultsView renders a match to the previous snapshot 1`] = `
<div
  className="result-view"
>
  <div
    className="chevron"
  >
    <div
      className="grid-container"
    >
      <h1
        className=""
        id="skip-to-h1"
      >
        Your potential benefits
      </h1>
      <div
        dangerouslySetInnerHTML={
          Object {
            "__html": "<div><p>Visit each agency to find true eligibility and to apply. Check with your city, state, or employer for other benefits.</p></div>",
          }
        }
      />
    </div>
  </div>
  <div
    className="grid-container"
  >
    <div
      className="result-view-details"
    >
      <button
        className=""
        onClick={[Function]}
        type="button"
      >
        Back
      </button>
      <h3
        className=""
        id=""
      >
        Results
      </h3>
      <p
        dangerouslySetInnerHTML={
          Object {
            "__html": "<div><strong>You may be eligible for these benefits:</strong></div>",
          }
        }
      />
      <div
        className="result-view-benefits"
      >
        <div
          className="benefit-accordion-group"
        >
          <button
            className=""
            onClick={[Function]}
            type="button"
          >
            Open all +
          </button>
        </div>
      </div>
      <div
        className="result-view-unmet"
      >
        <h3
          className=""
          id=""
        >
          Benefits you did not qualify for
        </h3>
        <p
          dangerouslySetInnerHTML={
            Object {
              "__html": "<div>Based on your answers you are not eligible for these benefits. <strong>You may become eligible if you enter additional information or your situation changes.</strong></div>",
            }
          }
        />
        <button
          className=""
          onClick={[Function]}
          type="button"
        >
          See benefits you did not qualify for
        </button>
      </div>
      <div
        className="result-view-share-results"
      >
        <h3
          className=""
          id=""
        >
          Share results
        </h3>
        <div
          className="result-view-share-results-button-group"
        >
          <button
            className=""
            onClick={[Function]}
            type="button"
          >
            Share link
          </button>
          <button
            className=""
            onClick={[Function]}
            type="button"
          >
            Email results
          </button>
        </div>
        <p>
          Copy or email these results. Your answers will be visible. Only share with those you trust.
        </p>
      </div>
    </div>
  </div>
</div>
`;
