// Vitest Snapshot v1, https://vitest.dev/guide/snapshot.html

exports[`StepIndicator > renders a match to the previous snapshot 1`] = `
<DocumentFragment>
  <div>
    <button
      class="step-back-button bf-usa-button usa-button bf-usa-button--outline usa-button--outline"
      type="button"
    >
      Back
    </button>
  </div>
</DocumentFragment>
`;
