// Jest Snapshot v1, https://goo.gl/fbAQLP

exports[`ResultsView renders a match to the previous snapshot 1`] = `
<div>
  <div
    className="chevron"
  >
    <h1
      className=""
    >
      Your Custom List
    </h1>
    <div
      dangerouslySetInnerHTML={
        Object {
          "__html": "<div><p><strong>Here is your list of potential Federal Benefits.</strong> Your state, city or employer may offer other benefits.Visit each agency providing the benefit to learn if you are truly eligible and conduct an actual applications.</p></div>",
        }
      }
    />
  </div>
  <button
    className=""
    onClick={[Function]}
    type="button"
  >
    Back
  </button>
  <h2
    className=""
  >
    Your potential benefits
  </h2>
  <div
    dangerouslySetInnerHTML={
      Object {
        "__html": "<div>You must verify your eligibility and visit each agency to apply. <strong>Check with your city, state, or employer for other benefits.</strong></div>",
      }
    }
  />
  <div
    className="benefit-accordion-group"
  >
    <button
      className=""
      onClick={[Function]}
      type="button"
    >
      Expand all +
    </button>
  </div>
  <button
    className=""
    onClick={[Function]}
    type="button"
  >
    Back
  </button>
</div>
`;
