// Jest Snapshot v1, https://goo.gl/fbAQLP

exports[`ResultsView renders a match to the previous snapshot 1`] = `
<div>
  <h2
    className=""
  >
    Your potential benefits
  </h2>
  <div
    className="benefit-accordion-group"
  >
    <button
      className=""
      onClick={[Function]}
      type="button"
    >
      Expand all +
    </button>
  </div>
  <button
    className=""
    onClick={[Function]}
    type="button"
  >
    Back
  </button>
</div>
`;
