// Vitest Snapshot v1, https://vitest.dev/guide/snapshot.html

exports[`Chevron > renders a match to the previous snapshot 1`] = `
<DocumentFragment>
  <div
    class="chevron"
  >
    <div
      class="grid-container"
    >
      <h1
        class="chevron-heading font-family-sans"
        id="skip-to-h1"
      />
      <div
        class="chevron-description"
      />
    </div>
  </div>
</DocumentFragment>
`;
