// Jest Snapshot v1, https://goo.gl/fbAQLP

exports[`Chevron renders a match to the previous snapshot 1`] = `
<div
  className="chevron"
>
  <div
    className="grid-container"
  >
    <h1
      className=""
      id="skip-to-h1"
    />
    <div
      dangerouslySetInnerHTML={
        Object {
          "__html": undefined,
        }
      }
    />
  </div>
</div>
`;
