// Jest Snapshot v1, https://goo.gl/fbAQLP

exports[`LifeEventSection renders a match to the previous snapshot 1`] = `
Array [
  <h1
    className=""
  >
    Complete Questions
  </h1>,
  <div
    className="section-wrapper"
  >
    <div
      className="section"
    >
      <div>
        <div
          aria-label="progress"
          className="usa-step-indicator"
        >
          <ol
            className="usa-step-indicator__segments"
          >
            <li
              className="usa-step-indicator__segment usa-step-indicator__segment--current usa-step-indicator__segment--complete"
              onClick={[Function]}
            >
              <span
                className="usa-step-indicator__segment-label"
              >
                About the Applicant
                 
                <span
                  className="usa-sr-only"
                />
              </span>
            </li>
            <li
              className="usa-step-indicator__segment usa-step-indicator__segment "
              onClick={[Function]}
            >
              <span
                className="usa-step-indicator__segment-label"
              >
                About the Person Who Died
                 
                <span
                  className="usa-sr-only"
                />
              </span>
            </li>
            <li
              className="usa-step-indicator__segment usa-step-indicator__segment "
              onClick={[Function]}
            >
              <span
                className="usa-step-indicator__segment-label"
              >
                Final Questions
                 
                <span
                  className="usa-sr-only"
                />
              </span>
            </li>
          </ol>
        </div>
        <button
          className=""
          onClick={[Function]}
          type="button"
        >
          Back
        </button>
      </div>
      <div
        id="benefit-section"
        onChange={[Function]}
      >
        <div
          className=""
          role="alert"
        >
          <div
            className="usa-alert__body"
          >
            <h4
              className="usa-alert__heading"
            >
              Error status
            </h4>
            <p
              className="usa-alert__text"
            >
              All fields marked required must be completed.
            </p>
          </div>
        </div>
        <h2
          className=""
        >
          About the Applicant
        </h2>
        <div
          dangerouslySetInnerHTML={
            Object {
              "__html": "The applicant is the person who will receive the benefits.",
            }
          }
        />
      </div>
      <button
        className=""
        onClick={[Function]}
        type="button"
      >
        Back
      </button>
      <button
        className=""
        onClick={[Function]}
        type="button"
      >
        Continue
      </button>
    </div>
  </div>,
]
`;
