// Jest Snapshot v1, https://goo.gl/fbAQLP

exports[`Select renders a match to the previous snapshot 1`] = `
Array [
  <label
    className=""
  >
    Dropdown Label
  </label>,
  <select
    className="usa-select"
  >
    <option
      value=""
    >
      -Select-
    </option>
    <option
      value="value-1"
    >
      Option 1
    </option>
    <option
      value="value-2"
    >
      Option 2
    </option>
    <option
      value="value-3"
    >
      Option 3
    </option>
  </select>,
]
`;
