// Jest Snapshot v1, https://goo.gl/fbAQLP

exports[`Accordion renders a match to the previous snapshot 1`] = `
<div
  className="benefit-accordion usa-accordion"
>
  <h4
    className="usa-accordion__heading"
  >
    <button
      aria-expanded={false}
      className="usa-accordion__button"
      onClick={[Function]}
      type="button"
    >
      <span
        className="heading"
      />
      <br />
      <span
        className="sub-heading"
      />
      <svg
        height="24"
        viewBox="0 0 24 24"
        width="24"
        xmlns="http://www.w3.org/2000/svg"
      >
        <path
          d="M0 0h24v24H0z"
          fill="none"
        />
        <path
          d="M19 13h-6v6h-2v-6H5v-2h6V5h2v6h6v2z"
          fill="#1a4480"
        />
      </svg>
    </button>
  </h4>
  <div
    className="usa-accordion__content usa-prose"
    hidden={true}
  >
    <div />
  </div>
</div>
`;
