// Vitest Snapshot v1, https://vitest.dev/guide/snapshot.html

exports[`Share > renders a match to the previous snapshot 1`] = `
<DocumentFragment>
  <button
    class="bf-share-button bf-usa-button usa-button bf-usa-button--outline usa-button--outline"
    type="button"
  >
    Share
  </button>
</DocumentFragment>
`;
