// Vitest Snapshot v1, https://vitest.dev/guide/snapshot.html

exports[`ButtonGroup > renders a match to the previous snapshot 1`] = `
<DocumentFragment>
  <ul
    class="benefit-button-group usa-button-group width-full"
  >
    <li
      class="benefit-button-group__item usa-button-group__item width-full"
    >
      <button
        class="benefit-button usa-button"
        type="button"
      />
    </li>
    <li
      class="benefit-button-group__item usa-button-group__item width-full"
    >
      <button
        class="benefit-button usa-button"
        type="button"
      />
    </li>
  </ul>
</DocumentFragment>
`;
