// Jest Snapshot v1, https://goo.gl/fbAQLP

exports[`NoticesList renders a match to the previous snapshot 1`] = `
<ul
  className="notices-list"
>
  <li
    className="notice"
    dangerouslySetInnerHTML={
      Object {
        "__html": "<div>Your information<strong>will not</strong> be shared, saved, or submitted.</div>",
      }
    }
  />
  <li
    className="notice"
    dangerouslySetInnerHTML={
      Object {
        "__html": "Provide complete and accurate information to get the most relevant results.",
      }
    }
  />
  <li
    className="notice"
    dangerouslySetInnerHTML={
      Object {
        "__html": "<div><strong>This form is not an application.</strong> You will need to apply for benefits with each agency.</div>",
      }
    }
  />
</ul>
`;
