// Vitest Snapshot v1, https://vitest.dev/guide/snapshot.html

exports[`Card > renders a match to the previous snapshot 1`] = `
<DocumentFragment>
  <li
    class="add-list-reset"
  >
    <a
      class="bf-usa-card__container usa-card__container"
    >
      <div
        class="bf-usa-card__header usa-card__header"
      >
        <h3
          class="bf-usa-card__heading usa-card__heading font-family-sans"
          id=""
        />
      </div>
      <div
        class="bf-usa-card__body usa-card__body"
      />
      <div
        class="bf-usa-card__cta usa-card__cta"
      />
      <svg
        class="carrot"
        fill="#162E51"
        height="24"
        viewBox="0 0 24 24"
        width="24"
        xmlns="http://www.w3.org/2000/svg"
      >
        <path
          d="M0 0h24v24H0z"
          fill="none"
        />
        <path
          d="M7 10l5 5 5-5z"
        />
      </svg>
    </a>
  </li>
</DocumentFragment>
`;
