// Vitest Snapshot v1, https://vitest.dev/guide/snapshot.html

exports[`StepBackLink > renders a match to the previous snapshot 1`] = `
<DocumentFragment>
  <button
    class="step-back-link bf-usa-button usa-button bf-usa-button--unstyled usa-button--unstyled"
    type="button"
  >
    Back
  </button>
</DocumentFragment>
`;
