// Jest Snapshot v1, https://goo.gl/fbAQLP

exports[`VerifySelectionsView renders a match to the previous snapshot 1`] = `
<div
  className="verify-selections-view"
>
  <h1
    className=""
  />
  <div
    className="section-wrapper"
  >
    <div
      className="section"
    >
      <button
        className=""
        type="button"
      />
      <div />
      <button
        className=""
        type="button"
      >
        Back
      </button>
      <button
        className=""
        type="button"
      >
        Confirm
      </button>
    </div>
  </div>
</div>
`;
